../Core/Src/main.c:72:5:I2C_transmit	24	static
../Core/Src/main.c:78:5:I2C_receive	24	static
../Core/Src/main.c:90:5:main	8	static
../Core/Src/main.c:158:6:SystemClock_Config	88	static
../Core/Src/main.c:206:13:MX_CAN1_Init	8	static
../Core/Src/main.c:243:13:MX_I2C1_Init	8	static
../Core/Src/main.c:277:13:MX_UART4_Init	8	static
../Core/Src/main.c:310:13:MX_UART5_Init	8	static
../Core/Src/main.c:343:13:MX_USART2_UART_Init	8	static
../Core/Src/main.c:376:13:MX_GPIO_Init	48	static
../Core/Src/main.c:417:6:Error_Handler	4	static,ignoring_inline_asm
