../Core/Src/main.c:71:5:I2C_transmit	24	static
../Core/Src/main.c:77:5:I2C_receive	24	static
../Core/Src/main.c:89:5:main	8	static
../Core/Src/main.c:156:6:SystemClock_Config	88	static
../Core/Src/main.c:204:13:MX_CAN1_Init	8	static
../Core/Src/main.c:241:13:MX_I2C1_Init	8	static
../Core/Src/main.c:275:13:MX_USART1_UART_Init	8	static
../Core/Src/main.c:308:13:MX_USART2_UART_Init	8	static
../Core/Src/main.c:341:13:MX_GPIO_Init	48	static
../Core/Src/main.c:381:6:Error_Handler	4	static,ignoring_inline_asm
